[Licensing::Module] Trying to connect to existing licensing client channel...
Built from '6000.3/staging' branch; Version is '6000.3.10f1 (e35f0c77bd8e) revision 14901004'; Using compiler version '194234433'; Build Type 'Release'
OS: 'Windows 10  (10.0.19045) 64bit Professional' Language: 'en' Physical Memory: 16117 MB
BatchMode: 1, IsHumanControllingUs: 0, StartBugReporterOnCrash: 0, Is64bit: 1
System  architecture: x64
Process architecture: x64
Date: 2026-05-29T13:57:26Z
[Licensing::IpcConnector] Successfully connected to: "LicenseClient-PriyaGupta" at "2026-05-29T13:57:26.9321752Z"

COMMAND LINE ARGUMENTS:
C:\Program Files\Unity\Hub\Editor\6000.3.10f1\Editor\Unity.exe
-batchmode
-projectPath
C:\Games\UnityProject\OrbitDrop3D
-executeMethod
AndroidBuilder.BuildAndroidMono
-logFile
C:\Games\UnityProject\OrbitDrop3D\build.log
-quit
Successfully changed project path to: C:\Games\UnityProject\OrbitDrop3D
C:/Games/UnityProject/OrbitDrop3D
Exiting without the bug reporter. Application will terminate with return code 1